[demo.try-builder.com/site/03/00q/ma/0300qma6mdm4fxqa/index.html]
[backblue.gif]
[fade.gif]
[index.html]
[demo.try-builder.com/site/03/00q/ma/0300qma6mdm4fxqa/mt-content/uploads/2017/11/favicon-12523a13.ico]
[demo.try-builder.com/site/03/00q/ma/0300qma6mdm4fxqa/mt-content/assets/styles00b6.css]
[static-demo.try-builder.com/moto3/engine/350/src/mt-includes/css/assets.min7f13.css]
[demo.try-builder.com/site/03/00q/ma/0300qma6mdm4fxqa/mt-content/uploads/2017/11/mt-1252-header-bg.jpg]
[demo.try-builder.com/site/03/00q/ma/0300qma6mdm4fxqa/mt-content/uploads/2017/11/mt-1252-gallery-img01-bg.jpg]
[demo.try-builder.com/site/03/00q/ma/0300qma6mdm4fxqa/more/index.html]
[demo.try-builder.com/site/03/00q/ma/0300qma6mdm4fxqa/mt-content/uploads/2017/11/mt-1252-gallery-img01.jpg]
[demo.try-builder.com/site/03/00q/ma/0300qma6mdm4fxqa/mt-content/uploads/2017/11/mt-1252-gallery-img02-bg.jpg]
[demo.try-builder.com/site/03/00q/ma/0300qma6mdm4fxqa/mt-content/uploads/2017/11/mt-1252-gallery-img02.jpg]
[demo.try-builder.com/site/03/00q/ma/0300qma6mdm4fxqa/mt-content/uploads/2017/11/mt-1252-gallery-img03-bg.jpg]
[demo.try-builder.com/site/03/00q/ma/0300qma6mdm4fxqa/mt-content/uploads/2017/11/mt-1252-gallery-img03.jpg]
[demo.try-builder.com/site/03/00q/ma/0300qma6mdm4fxqa/mt-content/uploads/2017/11/mt-1252-gallery-img04-bg.jpg]
[demo.try-builder.com/site/03/00q/ma/0300qma6mdm4fxqa/mt-content/uploads/2017/11/mt-1252-gallery-img04.jpg]
[demo.try-builder.com/site/03/00q/ma/0300qma6mdm4fxqa/mt-content/uploads/2017/11/mt-1252-gallery-img05-bg.jpg]
[demo.try-builder.com/site/03/00q/ma/0300qma6mdm4fxqa/mt-content/uploads/2017/11/mt-1252-gallery-img05.jpg]
[demo.try-builder.com/site/03/00q/ma/0300qma6mdm4fxqa/mt-content/uploads/2017/11/mt-1252-gallery-img06-bg.jpg]
[demo.try-builder.com/site/03/00q/ma/0300qma6mdm4fxqa/mt-content/uploads/2017/11/mt-1252-gallery-img06.jpg]
[demo.try-builder.com/site/03/00q/ma/0300qma6mdm4fxqa/mt-content/uploads/2017/11/mt-1252-carousel-img01.png]
[demo.try-builder.com/site/03/00q/ma/0300qma6mdm4fxqa/mt-content/uploads/2017/11/mt-1252-carousel-img02.png]
[demo.try-builder.com/site/03/00q/ma/0300qma6mdm4fxqa/mt-content/uploads/2017/11/mt-1252-carousel-img03.png]
[demo.try-builder.com/cdn-cgi/scripts/5c5dd728/cloudflare-static/email-decode.min.js]
[demo.try-builder.com/site/03/00q/ma/0300qma6mdm4fxqa/blog/index.html]
[demo.try-builder.com/site/03/00q/ma/0300qma6mdm4fxqa/services/index.html]
[demo.try-builder.com/site/03/00q/ma/0300qma6mdm4fxqa/about-us/index.html]
[demo.try-builder.com/site/03/00q/ma/0300qma6mdm4fxqa/testimonials/index.html]
[demo.try-builder.com/site/03/00q/ma/0300qma6mdm4fxqa/contacts/index.html]
[demo.try-builder.com/site/03/00q/ma/0300qma6mdm4fxqa/faq/index.html]
[static-demo.try-builder.com/moto3/engine/350/src/mt-includes/js/website.assets.min7f13.js]
[demo.try-builder.com/site/03/00q/ma/0300qma6mdm4fxqa/api.json]
[demo.try-builder.com/site/03/00q/ma/0300qma6mdm4fxqa/index.html]
[demo.try-builder.com/site/03/00q/ma/0300qma6mdm4fxqa/more/index.html]
[demo.try-builder.com/site/03/00q/ma/0300qma6mdm4fxqa/blog/index.html]
[static-demo.try-builder.com/moto3/engine/350/src/mt-includes/js/website.min7f13.js]
[demo.try-builder.com/site/03/00q/ma/0300qma6mdm4fxqa/privacy-policy/index.html]
[demo.try-builder.com/site/03/00q/ma/0300qma6mdm4fxqa/blog/methods-of-the-recruitment/index.html]
[demo.try-builder.com/site/03/00q/ma/0300qma6mdm4fxqa/blog/the-most-common-mistakes-when-managing-personal-finances/index.html]
[demo.try-builder.com/site/03/00q/ma/0300qma6mdm4fxqa/blog/overalls-with-logo-as-a-method-of-advertising/index.html]
[demo.try-builder.com/site/03/00q/ma/0300qma6mdm4fxqa/mt-content/uploads/2017/11/mt-1252-services-img01.jpg]
[demo.try-builder.com/site/03/00q/ma/0300qma6mdm4fxqa/blog/index4658.html]
[demo.try-builder.com/site/03/00q/ma/0300qma6mdm4fxqa/blog/category/financial-management/index.html]
[demo.try-builder.com/site/03/00q/ma/0300qma6mdm4fxqa/blog/category/business-consulting/index.html]
[demo.try-builder.com/site/03/00q/ma/0300qma6mdm4fxqa/mt-content/uploads/2017/11/mt-1252-services-img02.jpg]
[demo.try-builder.com/site/03/00q/ma/0300qma6mdm4fxqa/blog/category/marketing/index.html]
[demo.try-builder.com/site/03/00q/ma/0300qma6mdm4fxqa/blog/category/news/index.html]
[demo.try-builder.com/site/03/00q/ma/0300qma6mdm4fxqa/blog/category/small-business/index.html]
[demo.try-builder.com/site/03/00q/ma/0300qma6mdm4fxqa/mt-content/uploads/2017/11/mt-1252-services-img03.jpg]
[demo.try-builder.com/site/03/00q/ma/0300qma6mdm4fxqa/single-service/index.html]
[demo.try-builder.com/site/03/00q/ma/0300qma6mdm4fxqa/blog/the-main-objectives-of-the-marketer/index.html]
[demo.try-builder.com/site/03/00q/ma/0300qma6mdm4fxqa/mt-content/uploads/2017/11/mt-1252-services-img04.jpg]
[demo.try-builder.com/site/03/00q/ma/0300qma6mdm4fxqa/mt-content/uploads/2017/11/mt-1252-services-img05.jpg]
[demo.try-builder.com/site/03/00q/ma/0300qma6mdm4fxqa/mt-content/uploads/2017/11/mt-1252-services-img06.jpg]
[demo.try-builder.com/site/03/00q/ma/0300qma6mdm4fxqa/about-us/index.html]
[demo.try-builder.com/site/03/00q/ma/0300qma6mdm4fxqa/services/index.html]
[demo.try-builder.com/site/03/00q/ma/0300qma6mdm4fxqa/testimonials/index.html]
[demo.try-builder.com/site/03/00q/ma/0300qma6mdm4fxqa/faq/index.html]
[demo.try-builder.com/site/03/00q/ma/0300qma6mdm4fxqa/contacts/index.html]
[demo.try-builder.com/site/03/00q/ma/0300qma6mdm4fxqa/privacy-policy/index.html]
[demo.try-builder.com/site/03/00q/ma/0300qma6mdm4fxqa/blog/the-most-common-mistakes-when-managing-personal-finances/index.html]
[demo.try-builder.com/site/03/00q/ma/0300qma6mdm4fxqa/mt-content/uploads/2017/11/mt-1252-blog-img01.jpg]
[demo.try-builder.com/site/03/00q/ma/0300qma6mdm4fxqa/mt-content/uploads/2017/11/mt-1252-blog-img02.jpg]
[demo.try-builder.com/site/03/00q/ma/0300qma6mdm4fxqa/blog/methods-of-the-recruitment/index.html]
[demo.try-builder.com/site/03/00q/ma/0300qma6mdm4fxqa/mt-content/uploads/2017/11/mt-1252-blog-img04.jpg]
[demo.try-builder.com/site/03/00q/ma/0300qma6mdm4fxqa/blog/overalls-with-logo-as-a-method-of-advertising/index.html]
[demo.try-builder.com/site/03/00q/ma/0300qma6mdm4fxqa/blog/index4658.html]
[demo.try-builder.com/site/03/00q/ma/0300qma6mdm4fxqa/blog/category/business-consulting/index.html]
[demo.try-builder.com/site/03/00q/ma/0300qma6mdm4fxqa/blog/category/financial-management/index.html]
[demo.try-builder.com/site/03/00q/ma/0300qma6mdm4fxqa/blog/category/marketing/index.html]
[demo.try-builder.com/site/03/00q/ma/0300qma6mdm4fxqa/blog/category/news/index.html]
[demo.try-builder.com/site/03/00q/ma/0300qma6mdm4fxqa/blog/category/small-business/index.html]
[demo.try-builder.com/site/03/00q/ma/0300qma6mdm4fxqa/mt-content/uploads/2017/11/mt-1252-blog-img06.jpg]
[demo.try-builder.com/site/03/00q/ma/0300qma6mdm4fxqa/blog/the-main-objectives-of-the-marketer/index.html]
[demo.try-builder.com/site/03/00q/ma/0300qma6mdm4fxqa/single-service/index.html]
[demo.try-builder.com/site/03/00q/ma/0300qma6mdm4fxqa/blog/recession-is-a-good-opportunity-to-deal-a-deathblow-to-the-competitors/index.html]
[demo.try-builder.com/site/03/00q/ma/0300qma6mdm4fxqa/mt-content/uploads/2017/11/mt-1252-blog-img08.jpg]
[demo.try-builder.com/site/03/00q/ma/0300qma6mdm4fxqa/blog/recession-is-a-good-opportunity-to-deal-a-deathblow-to-the-competitors/index.html]
[demo.try-builder.com/site/03/00q/ma/0300qma6mdm4fxqa/mt-content/uploads/2017/11/mt-1252-gallery-img01-bg.jpg]
[demo.try-builder.com/site/03/00q/ma/0300qma6mdm4fxqa/mt-content/uploads/2017/11/mt-1252-header-bg.jpg]
[demo.try-builder.com/site/03/00q/ma/0300qma6mdm4fxqa/mt-content/uploads/2017/11/mt-1252-gallery-img01.jpg]
[demo.try-builder.com/site/03/00q/ma/0300qma6mdm4fxqa/mt-content/uploads/2017/11/mt-1252-gallery-img02-bg.jpg]
[demo.try-builder.com/site/03/00q/ma/0300qma6mdm4fxqa/mt-content/uploads/2017/11/mt-1252-gallery-img03-bg.jpg]
[demo.try-builder.com/site/03/00q/ma/0300qma6mdm4fxqa/mt-content/uploads/2017/11/mt-1252-gallery-img02.jpg]
[demo.try-builder.com/site/03/00q/ma/0300qma6mdm4fxqa/mt-content/uploads/2017/11/mt-1252-gallery-img03.jpg]
[demo.try-builder.com/site/03/00q/ma/0300qma6mdm4fxqa/mt-content/uploads/2017/11/mt-1252-gallery-img04.jpg]
[demo.try-builder.com/site/03/00q/ma/0300qma6mdm4fxqa/mt-content/uploads/2017/11/mt-1252-gallery-img05-bg.jpg]
[demo.try-builder.com/site/03/00q/ma/0300qma6mdm4fxqa/mt-content/uploads/2017/11/mt-1252-gallery-img04-bg.jpg]
[static-demo.try-builder.com/moto3/engine/350/src/mt-includes/fonts/fontawesome-webfont3e6e.svg]
[static-demo.try-builder.com/moto3/engine/350/src/mt-includes/css/mejs-controls.svg]
[static-demo.try-builder.com/moto3/engine/350/src/mt-includes/css/assets.min7f13.css]
[demo.try-builder.com/site/03/00q/ma/0300qma6mdm4fxqa/mt-content/uploads/2017/11/mt-1252-gallery-img05.jpg]
[demo.try-builder.com/site/03/00q/ma/0300qma6mdm4fxqa/mt-content/uploads/2017/11/mt-1252-gallery-img06-bg.jpg]
[demo.try-builder.com/cdn-cgi/scripts/5c5dd728/cloudflare-static/email-decode.min.js]
[demo.try-builder.com/site/03/00q/ma/0300qma6mdm4fxqa/api.json]
[static-demo.try-builder.com/moto3/engine/350/src/mt-includes/js/website.min7f13.js]
[static-demo.try-builder.com/moto3/engine/350/src/mt-includes/js/website.assets.min7f13.js]
[demo.try-builder.com/site/03/00q/ma/0300qma6mdm4fxqa/mt-content/uploads/2017/07/mt-1103-content-bg.jpg]
[demo.try-builder.com/site/03/00q/ma/0300qma6mdm4fxqa/mt-content/uploads/2017/11/mt-1252-services-img02.jpg]
[demo.try-builder.com/site/03/00q/ma/0300qma6mdm4fxqa/mt-content/uploads/2017/11/mt-1252-services-img01.jpg]
[demo.try-builder.com/site/03/00q/ma/0300qma6mdm4fxqa/mt-content/uploads/2017/11/mt-1252-services-img03.jpg]
[demo.try-builder.com/site/03/00q/ma/0300qma6mdm4fxqa/mt-content/uploads/2017/11/mt-1252-blog-img01.jpg]
[demo.try-builder.com/site/03/00q/ma/0300qma6mdm4fxqa/mt-content/uploads/2017/11/mt-1252-blog-img02.jpg]
[demo.try-builder.com/site/03/00q/ma/0300qma6mdm4fxqa/mt-content/uploads/2017/11/mt-1252-blog-img06.jpg]
[demo.try-builder.com/site/03/00q/ma/0300qma6mdm4fxqa/mt-content/uploads/2017/11/mt-1252-blog-img08.jpg]
[demo.try-builder.com/site/03/00q/ma/0300qma6mdm4fxqa/mt-content/uploads/2017/11/mt-1252-content-bg02.jpg]
[demo.try-builder.com/site/03/00q/ma/0300qma6mdm4fxqa/mt-content/assets/styles00b6.css]
[www.googletagmanager.com/gtm5445.html]
[static-demo.try-builder.com/moto3/engine/350/src/mt-includes/fonts/fontawesome-webfont3e6e.svg]
[static-demo.try-builder.com/moto3/engine/350/src/mt-includes/css/mejs-controls.html]
[demo.try-builder.com/site/03/00q/ma/0300qma6mdm4fxqa/mt-content/uploads/2017/07/mt-1103-content-bg.html]
[demo.try-builder.com/site/03/00q/ma/0300qma6mdm4fxqa/blog/recession-is-a-good-opportunity-to-deal-a-deathblow-to-the-competitors/index.html]
[demo.try-builder.com/site/03/00q/ma/0300qma6mdm4fxqa/more/index.html]
[demo.try-builder.com/site/03/00q/ma/0300qma6mdm4fxqa/blog/the-most-common-mistakes-when-managing-personal-finances/index.html]
[demo.try-builder.com/site/03/00q/ma/0300qma6mdm4fxqa/single-service/index.html]
