[demo.try-builder.com/site/03/00q/ma/0300qma7w8o3wi5p/index.html]
[backblue.gif]
[fade.gif]
[index.html]
[demo.try-builder.com/site/03/00q/ma/0300qma7w8o3wi5p/mt-content/uploads/2021/03/mt-2199-faviconf06f.ico]
[static-demo.try-builder.com/moto3/engine/350/src/mt-includes/css/assets.min7f13.css]
[demo.try-builder.com/site/03/00q/ma/0300qma7w8o3wi5p/mt-content/assets/styles4b0b.css]
[demo.try-builder.com/site/03/00q/ma/0300qma7w8o3wi5p/mt-content/uploads/2021/03/mt-2199-home-bg1.jpg]
[demo.try-builder.com/site/03/00q/ma/0300qma7w8o3wi5p/2021/03/mt-2199-home-bg1.jpg]
[demo.try-builder.com/site/03/00q/ma/0300qma7w8o3wi5p/mt-content/uploads/2021/03/mt-2199-home-logo.png]
[demo.try-builder.com/site/03/00q/ma/0300qma7w8o3wi5p/mt-content/uploads/2021/03/mt-2199-home-bg2.png]
[demo.try-builder.com/site/03/00q/ma/0300qma7w8o3wi5p/my-history/index.html]
[demo.try-builder.com/site/03/00q/ma/0300qma7w8o3wi5p/about-me/index.html]
[demo.try-builder.com/site/03/00q/ma/0300qma7w8o3wi5p/mt-content/uploads/2021/03/mt-2199-home-bg3.jpg]
[demo.try-builder.com/site/03/00q/ma/0300qma7w8o3wi5p/blog/index.html]
[demo.try-builder.com/site/03/00q/ma/0300qma7w8o3wi5p/privacy-policy/index.html]
[demo.try-builder.com/site/03/00q/ma/0300qma7w8o3wi5p/gallery/index.html]
[demo.try-builder.com/site/03/00q/ma/0300qma7w8o3wi5p/2021/03/mt-2199-home-bg3.jpg]
[demo.try-builder.com/site/03/00q/ma/0300qma7w8o3wi5p/mt-content/uploads/2021/03/mt-2199-home-bg4.png]
[demo.try-builder.com/site/03/00q/ma/0300qma7w8o3wi5p/gallery-details/index.html]
[demo.try-builder.com/site/03/00q/ma/0300qma7w8o3wi5p/contacts/index.html]
[demo.try-builder.com/site/03/00q/ma/0300qma7w8o3wi5p/exhibitions/index.html]
[demo.try-builder.com/site/03/00q/ma/0300qma7w8o3wi5p/mt-content/uploads/2021/03/mt-2199-home-portfolio1-1.jpg]
[demo.try-builder.com/site/03/00q/ma/0300qma7w8o3wi5p/mt-content/uploads/2021/03/mt-2199-home-portfolio1.jpg]
[demo.try-builder.com/site/03/00q/ma/0300qma7w8o3wi5p/mt-content/uploads/2021/03/mt-2199-home-portfolio2-1.jpg]
[demo.try-builder.com/site/03/00q/ma/0300qma7w8o3wi5p/mt-content/uploads/2021/03/mt-2199-home-portfolio2.jpg]
[demo.try-builder.com/site/03/00q/ma/0300qma7w8o3wi5p/mt-content/uploads/2021/03/mt-2199-home-portfolio3-1.jpg]
[demo.try-builder.com/site/03/00q/ma/0300qma7w8o3wi5p/mt-content/uploads/2021/03/mt-2199-home-portfolio3.jpg]
[demo.try-builder.com/site/03/00q/ma/0300qma7w8o3wi5p/mt-content/uploads/2021/03/mt-2199-home-portfolio4-1.jpg]
[demo.try-builder.com/site/03/00q/ma/0300qma7w8o3wi5p/mt-content/uploads/2021/03/mt-2199-home-portfolio4.jpg]
[demo.try-builder.com/site/03/00q/ma/0300qma7w8o3wi5p/mt-content/uploads/2021/03/mt-2199-home-portfolio5-1.jpg]
[demo.try-builder.com/site/03/00q/ma/0300qma7w8o3wi5p/mt-content/uploads/2021/03/mt-2199-home-portfolio5.jpg]
[demo.try-builder.com/site/03/00q/ma/0300qma7w8o3wi5p/mt-content/uploads/2021/03/mt-2199-home-portfolio6-1.jpg]
[demo.try-builder.com/site/03/00q/ma/0300qma7w8o3wi5p/mt-content/uploads/2021/03/mt-2199-home-portfolio6.jpg]
[demo.try-builder.com/site/03/00q/ma/0300qma7w8o3wi5p/mt-content/uploads/2021/03/mt-2199-home-portfolio7-1.jpg]
[demo.try-builder.com/site/03/00q/ma/0300qma7w8o3wi5p/mt-content/uploads/2021/03/mt-2199-home-portfolio7.jpg]
[demo.try-builder.com/site/03/00q/ma/0300qma7w8o3wi5p/mt-content/uploads/2021/03/mt-2199-home-portfolio8-1.jpg]
[demo.try-builder.com/site/03/00q/ma/0300qma7w8o3wi5p/mt-content/uploads/2021/03/mt-2199-home-portfolio8.jpg]
[demo.try-builder.com/site/03/00q/ma/0300qma7w8o3wi5p/mt-content/uploads/2021/03/mt-2199-home-bg5.png]
[demo.try-builder.com/site/03/00q/ma/0300qma7w8o3wi5p/mt-content/uploads/2021/03/mt-2199-callback-img.jpg]
[demo.try-builder.com/site/03/00q/ma/0300qma7w8o3wi5p/blog/methods-of-the-recruitment/index.html]
[demo.try-builder.com/site/03/00q/ma/0300qma7w8o3wi5p/blog/the-most-common-mistakes-when-managing-personal-finances/index.html]
[static-demo.try-builder.com/moto3/engine/350/src/mt-includes/js/website.assets.min7f13.js]
[demo.try-builder.com/site/03/00q/ma/0300qma7w8o3wi5p/api.json]
[demo.try-builder.com/site/03/00q/ma/0300qma7w8o3wi5p/index.html]
[static-demo.try-builder.com/moto3/engine/350/src/mt-includes/js/website.min7f13.js]
[demo.try-builder.com/site/03/00q/ma/0300qma7w8o3wi5p/mt-content/uploads/2021/03/mt-2199-abour-bg1.png]
[demo.try-builder.com/site/03/00q/ma/0300qma7w8o3wi5p/about-me/2021/03/mt-2199-abour-bg1.png]
[demo.try-builder.com/site/03/00q/ma/0300qma7w8o3wi5p/mt-content/uploads/2021/03/mt-2199-about-bg2.jpg]
[demo.try-builder.com/site/03/00q/ma/0300qma7w8o3wi5p/about-me/2021/03/mt-2199-about-bg2.jpg]
[demo.try-builder.com/site/03/00q/ma/0300qma7w8o3wi5p/mt-content/uploads/2021/03/mt-2199-about-img1-1.jpg]
[demo.try-builder.com/site/03/00q/ma/0300qma7w8o3wi5p/mt-content/uploads/2021/03/mt-2199-about-img1.jpg]
[demo.try-builder.com/site/03/00q/ma/0300qma7w8o3wi5p/mt-content/uploads/2021/03/mt-2199-about-img2-1.jpg]
[demo.try-builder.com/site/03/00q/ma/0300qma7w8o3wi5p/mt-content/uploads/2021/03/mt-2199-about-img2.jpg]
[demo.try-builder.com/site/03/00q/ma/0300qma7w8o3wi5p/mt-content/uploads/2021/03/mt-2199-about-img3-1.jpg]
[demo.try-builder.com/site/03/00q/ma/0300qma7w8o3wi5p/mt-content/uploads/2021/03/mt-2199-about-img3.jpg]
[demo.try-builder.com/site/03/00q/ma/0300qma7w8o3wi5p/mt-content/uploads/2021/03/mt-2199-about-img4-1.jpg]
[demo.try-builder.com/site/03/00q/ma/0300qma7w8o3wi5p/mt-content/uploads/2021/03/mt-2199-about-img4.jpg]
[demo.try-builder.com/site/03/00q/ma/0300qma7w8o3wi5p/mt-content/uploads/2021/03/mt-2199-about-bg3.jpg]
[demo.try-builder.com/site/03/00q/ma/0300qma7w8o3wi5p/about-me/index.html]
[demo.try-builder.com/site/03/00q/ma/0300qma7w8o3wi5p/my-history/index.html]
[demo.try-builder.com/site/03/00q/ma/0300qma7w8o3wi5p/mt-content/uploads/2021/03/mt-2199-blog-img1.jpg]
[demo.try-builder.com/site/03/00q/ma/0300qma7w8o3wi5p/mt-content/uploads/2021/03/mt-2199-blog-img2.jpg]
[demo.try-builder.com/site/03/00q/ma/0300qma7w8o3wi5p/mt-content/uploads/2021/03/mt-2199-blog-img4.jpg]
[demo.try-builder.com/site/03/00q/ma/0300qma7w8o3wi5p/blog/index.html]
[demo.try-builder.com/site/03/00q/ma/0300qma7w8o3wi5p/privacy-policy/index.html]
[demo.try-builder.com/site/03/00q/ma/0300qma7w8o3wi5p/blog/overalls-with-logo-as-a-method-of-advertising/index.html]
[demo.try-builder.com/site/03/00q/ma/0300qma7w8o3wi5p/mt-content/uploads/2021/03/mt-2199-gallery-img1-1.jpg]
[demo.try-builder.com/site/03/00q/ma/0300qma7w8o3wi5p/blog/index4658.html]
[demo.try-builder.com/site/03/00q/ma/0300qma7w8o3wi5p/mt-content/uploads/2021/03/mt-2199-gallery-img2-1.jpg]
[demo.try-builder.com/site/03/00q/ma/0300qma7w8o3wi5p/mt-content/uploads/2021/03/mt-2199-gallery-img3-1.jpg]
[demo.try-builder.com/site/03/00q/ma/0300qma7w8o3wi5p/mt-content/uploads/2021/03/mt-2199-gallery-img4-1.jpg]
[demo.try-builder.com/site/03/00q/ma/0300qma7w8o3wi5p/mt-content/uploads/2021/03/mt-2199-gallery-img5-1.jpg]
[demo.try-builder.com/site/03/00q/ma/0300qma7w8o3wi5p/mt-content/uploads/2021/03/mt-2199-gallery-img6-1.jpg]
[demo.try-builder.com/site/03/00q/ma/0300qma7w8o3wi5p/gallery/index.html]
[demo.try-builder.com/site/03/00q/ma/0300qma7w8o3wi5p/mt-content/uploads/2021/03/mt-1299-details-bg.png]
[demo.try-builder.com/site/03/00q/ma/0300qma7w8o3wi5p/gallery-details/index.html]
[demo.try-builder.com/site/03/00q/ma/0300qma7w8o3wi5p/mt-content/uploads/2021/03/mt-1299-exhibitions-bg1.png]
[demo.try-builder.com/site/03/00q/ma/0300qma7w8o3wi5p/exhibitions/2021/03/mt-1299-exhibitions-bg1.png]
[demo.try-builder.com/site/03/00q/ma/0300qma7w8o3wi5p/mt-content/uploads/2021/03/mt-1299-exhibitions-bg2.png]
[demo.try-builder.com/site/03/00q/ma/0300qma7w8o3wi5p/exhibitions/index.html]
[demo.try-builder.com/site/03/00q/ma/0300qma7w8o3wi5p/mt-content/uploads/2021/03/mt-1299-contacts-bg.png]
[demo.try-builder.com/site/03/00q/ma/0300qma7w8o3wi5p/contacts/2021/03/mt-1299-contacts-bg.png]
[demo.try-builder.com/site/03/00q/ma/0300qma7w8o3wi5p/contacts/index.html]
[demo.try-builder.com/site/03/00q/ma/0300qma7w8o3wi5p/blog/the-most-common-mistakes-when-managing-personal-finances/index.html]
[demo.try-builder.com/site/03/00q/ma/0300qma7w8o3wi5p/blog/tag/exhibition/index.html]
[demo.try-builder.com/site/03/00q/ma/0300qma7w8o3wi5p/blog/methods-of-the-recruitment/index.html]
[demo.try-builder.com/site/03/00q/ma/0300qma7w8o3wi5p/blog/tag/intro/index.html]
[demo.try-builder.com/site/03/00q/ma/0300qma7w8o3wi5p/blog/overalls-with-logo-as-a-method-of-advertising/index.html]
[demo.try-builder.com/site/03/00q/ma/0300qma7w8o3wi5p/blog/tag/art/index.html]
[demo.try-builder.com/site/03/00q/ma/0300qma7w8o3wi5p/blog/category/dark-beauty/index.html]
[demo.try-builder.com/site/03/00q/ma/0300qma7w8o3wi5p/blog/tag/people/index.html]
[demo.try-builder.com/site/03/00q/ma/0300qma7w8o3wi5p/blog/tag/portfolio/index.html]
[demo.try-builder.com/site/03/00q/ma/0300qma7w8o3wi5p/mt-content/uploads/2021/03/mt-2199-blog-img7.jpg]
[demo.try-builder.com/site/03/00q/ma/0300qma7w8o3wi5p/blog/category/proposing-love/index.html]
[demo.try-builder.com/site/03/00q/ma/0300qma7w8o3wi5p/blog/category/ride-hard/index.html]
[demo.try-builder.com/site/03/00q/ma/0300qma7w8o3wi5p/blog/category/street/index.html]
[demo.try-builder.com/site/03/00q/ma/0300qma7w8o3wi5p/mt-content/uploads/2021/03/mt-2199-blog-img6.jpg]
[demo.try-builder.com/site/03/00q/ma/0300qma7w8o3wi5p/blog/index4658.html]
[demo.try-builder.com/site/03/00q/ma/0300qma7w8o3wi5p/blog/recession-is-a-good-opportunity-to-deal-a-deathblow-to-the-competitors/index.html]
[demo.try-builder.com/site/03/00q/ma/0300qma7w8o3wi5p/blog/category/dark-beauty/index.html]
[demo.try-builder.com/site/03/00q/ma/0300qma7w8o3wi5p/blog/tag/art/index.html]
[demo.try-builder.com/site/03/00q/ma/0300qma7w8o3wi5p/blog/tag/exhibition/index.html]
[demo.try-builder.com/site/03/00q/ma/0300qma7w8o3wi5p/blog/tag/intro/index.html]
[demo.try-builder.com/site/03/00q/ma/0300qma7w8o3wi5p/blog/tag/people/index.html]
[demo.try-builder.com/site/03/00q/ma/0300qma7w8o3wi5p/blog/tag/portfolio/index.html]
[demo.try-builder.com/site/03/00q/ma/0300qma7w8o3wi5p/blog/category/proposing-love/index.html]
[demo.try-builder.com/site/03/00q/ma/0300qma7w8o3wi5p/blog/category/ride-hard/index.html]
[demo.try-builder.com/site/03/00q/ma/0300qma7w8o3wi5p/blog/category/street/index.html]
[demo.try-builder.com/site/03/00q/ma/0300qma7w8o3wi5p/blog/category/wild-life/index.html]
[demo.try-builder.com/site/03/00q/ma/0300qma7w8o3wi5p/blog/category/wild-life/index.html]
[demo.try-builder.com/site/03/00q/ma/0300qma7w8o3wi5p/blog/the-main-objectives-of-the-marketer/index.html]
[demo.try-builder.com/site/03/00q/ma/0300qma7w8o3wi5p/blog/the-main-objectives-of-the-marketer/index.html]
[demo.try-builder.com/site/03/00q/ma/0300qma7w8o3wi5p/blog/recession-is-a-good-opportunity-to-deal-a-deathblow-to-the-competitors/index.html]
[demo.try-builder.com/site/03/00q/ma/0300qma7w8o3wi5p/mt-content/uploads/2021/03/mt-2199-home-bg2.png]
[demo.try-builder.com/site/03/00q/ma/0300qma7w8o3wi5p/mt-content/uploads/2021/03/mt-2199-home-bg3.jpg]
[demo.try-builder.com/site/03/00q/ma/0300qma7w8o3wi5p/mt-content/uploads/2021/03/mt-2199-home-bg4.png]
[demo.try-builder.com/site/03/00q/ma/0300qma7w8o3wi5p/mt-content/uploads/2021/03/mt-2199-home-bg1.jpg]
[demo.try-builder.com/site/03/00q/ma/0300qma7w8o3wi5p/mt-content/uploads/2021/03/mt-2199-home-portfolio1-1.jpg]
[demo.try-builder.com/site/03/00q/ma/0300qma7w8o3wi5p/mt-content/uploads/2021/03/mt-2199-home-portfolio1.jpg]
[demo.try-builder.com/site/03/00q/ma/0300qma7w8o3wi5p/mt-content/uploads/2021/03/mt-2199-home-portfolio2-1.jpg]
[static-demo.try-builder.com/moto3/engine/350/src/mt-includes/fonts/fontawesome-webfont3e6e.svg]
[static-demo.try-builder.com/moto3/engine/350/src/mt-includes/css/mejs-controls.3f.delayed]
[demo.try-builder.com/site/03/00q/ma/0300qma7w8o3wi5p/mt-content/uploads/2021/03/mt-2199-home-portfolio2.jpg]
[demo.try-builder.com/site/03/00q/ma/0300qma7w8o3wi5p/mt-content/uploads/2021/03/mt-2199-home-portfolio3-1.jpg]
[static-demo.try-builder.com/moto3/engine/350/src/mt-includes/css/assets.min7f13.css]
[demo.try-builder.com/site/03/00q/ma/0300qma7w8o3wi5p/mt-content/uploads/2021/03/mt-2199-home-portfolio3.jpg]
[demo.try-builder.com/site/03/00q/ma/0300qma7w8o3wi5p/mt-content/uploads/2021/03/mt-2199-home-portfolio4.jpg]
[demo.try-builder.com/site/03/00q/ma/0300qma7w8o3wi5p/mt-content/uploads/2021/03/mt-2199-home-portfolio5-1.jpg]
[demo.try-builder.com/site/03/00q/ma/0300qma7w8o3wi5p/mt-content/uploads/2021/03/mt-2199-home-portfolio4-1.jpg]
[demo.try-builder.com/site/03/00q/ma/0300qma7w8o3wi5p/mt-content/uploads/2015/12/mercedes-benz-mercedes-benz-cls-63-amg-automobile-1920x1080-wallpaper.40.delayed]
[demo.try-builder.com/site/03/00q/ma/0300qma7w8o3wi5p/mt-content/uploads/2021/03/mt-2199-home-portfolio7-1.jpg]
[demo.try-builder.com/site/03/00q/ma/0300qma7w8o3wi5p/mt-content/assets/styles4b0b.css]
[demo.try-builder.com/site/03/00q/ma/0300qma7w8o3wi5p/mt-content/uploads/2021/03/mt-2199-home-portfolio5.jpg]
[demo.try-builder.com/site/03/00q/ma/0300qma7w8o3wi5p/mt-content/uploads/2021/03/mt-2199-home-portfolio6-1.jpg]
[demo.try-builder.com/site/03/00q/ma/0300qma7w8o3wi5p/mt-content/uploads/2021/03/mt-2199-home-portfolio6.jpg]
[www.googletagmanager.com/gtm5445.html]
[demo.try-builder.com/site/03/00q/ma/0300qma7w8o3wi5p/mt-content/uploads/2021/03/mt-2199-home-portfolio7.jpg]
[demo.try-builder.com/site/03/00q/ma/0300qma7w8o3wi5p/2021/03/mt-2199-home-bg1.html]
[demo.try-builder.com/site/03/00q/ma/0300qma7w8o3wi5p/mt-content/uploads/2021/03/mt-2199-home-portfolio8-1.jpg]
[demo.try-builder.com/site/03/00q/ma/0300qma7w8o3wi5p/mt-content/uploads/2021/03/mt-2199-home-portfolio8.jpg]
[demo.try-builder.com/site/03/00q/ma/0300qma7w8o3wi5p/mt-content/uploads/2021/03/mt-2199-home-bg5.png]
[demo.try-builder.com/site/03/00q/ma/0300qma7w8o3wi5p/2021/03/mt-2199-home-bg3.html]
[demo.try-builder.com/site/03/00q/ma/0300qma7w8o3wi5p/api.json]
[demo.try-builder.com/site/03/00q/ma/0300qma7w8o3wi5p/mt-content/uploads/2021/03/mt-2199-about-bg2.jpg]
[static-demo.try-builder.com/moto3/engine/350/src/mt-includes/js/website.min7f13.js]
[demo.try-builder.com/site/03/00q/ma/0300qma7w8o3wi5p/mt-content/uploads/2021/03/mt-2199-about-img1-1.jpg]
[demo.try-builder.com/site/03/00q/ma/0300qma7w8o3wi5p/mt-content/uploads/2021/03/mt-2199-about-img1.jpg]
[demo.try-builder.com/site/03/00q/ma/0300qma7w8o3wi5p/mt-content/uploads/2021/03/mt-2199-about-img2-1.jpg]
[demo.try-builder.com/site/03/00q/ma/0300qma7w8o3wi5p/mt-content/uploads/2021/03/mt-2199-about-img2.jpg]
[demo.try-builder.com/site/03/00q/ma/0300qma7w8o3wi5p/mt-content/uploads/2021/03/mt-2199-about-img3-1.jpg]
[demo.try-builder.com/site/03/00q/ma/0300qma7w8o3wi5p/mt-content/uploads/2021/03/mt-2199-about-img3.jpg]
[demo.try-builder.com/site/03/00q/ma/0300qma7w8o3wi5p/mt-content/uploads/2021/03/mt-2199-about-img4-1.jpg]
[demo.try-builder.com/site/03/00q/ma/0300qma7w8o3wi5p/mt-content/uploads/2021/03/mt-2199-blog-img1.jpg]
[demo.try-builder.com/site/03/00q/ma/0300qma7w8o3wi5p/mt-content/uploads/2021/03/mt-2199-about-img4.jpg]
[demo.try-builder.com/site/03/00q/ma/0300qma7w8o3wi5p/about-me/2021/03/mt-2199-abour-bg1.html]
[demo.try-builder.com/site/03/00q/ma/0300qma7w8o3wi5p/mt-content/uploads/2021/03/mt-2199-blog-img4.jpg]
[demo.try-builder.com/site/03/00q/ma/0300qma7w8o3wi5p/about-me/2021/03/mt-2199-about-bg2.html]
[demo.try-builder.com/site/03/00q/ma/0300qma7w8o3wi5p/mt-content/uploads/2021/03/mt-2199-blog-img2.jpg]
[demo.try-builder.com/site/03/00q/ma/0300qma7w8o3wi5p/mt-content/uploads/2021/03/mt-2199-gallery-img1-1.jpg]
[static-demo.try-builder.com/moto3/engine/350/src/mt-includes/js/website.assets.min7f13.js]
[demo.try-builder.com/site/03/00q/ma/0300qma7w8o3wi5p/mt-content/uploads/2021/03/mt-2199-gallery-img2-1.jpg]
[demo.try-builder.com/site/03/00q/ma/0300qma7w8o3wi5p/mt-content/uploads/2021/03/mt-2199-gallery-img3-1.jpg]
[demo.try-builder.com/site/03/00q/ma/0300qma7w8o3wi5p/mt-content/uploads/2021/03/mt-2199-gallery-img4-1.jpg]
[demo.try-builder.com/site/03/00q/ma/0300qma7w8o3wi5p/mt-content/uploads/2021/03/mt-2199-gallery-img5-1.jpg]
[demo.try-builder.com/site/03/00q/ma/0300qma7w8o3wi5p/mt-content/uploads/2021/03/mt-2199-gallery-img6-1.jpg]
[demo.try-builder.com/site/03/00q/ma/0300qma7w8o3wi5p/mt-content/uploads/2021/03/mt-1299-exhibitions-bg1.png]
[demo.try-builder.com/site/03/00q/ma/0300qma7w8o3wi5p/mt-content/uploads/2021/03/mt-1299-contacts-bg.png]
[demo.try-builder.com/site/03/00q/ma/0300qma7w8o3wi5p/mt-content/uploads/2021/03/mt-1299-exhibitions-bg2.png]
[demo.try-builder.com/site/03/00q/ma/0300qma7w8o3wi5p/mt-content/uploads/2021/03/mt-2199-blog-img7.jpg]
[demo.try-builder.com/site/03/00q/ma/0300qma7w8o3wi5p/mt-content/uploads/2021/03/mt-2199-blog-img6.jpg]
[demo.try-builder.com/site/03/00q/ma/0300qma7w8o3wi5p/exhibitions/2021/03/mt-1299-exhibitions-bg1.html]
[demo.try-builder.com/site/03/00q/ma/0300qma7w8o3wi5p/contacts/2021/03/mt-1299-contacts-bg.html]
[static-demo.try-builder.com/moto3/engine/350/src/mt-includes/fonts/fontawesome-webfont3e6e.svg]
[static-demo.try-builder.com/moto3/engine/350/src/mt-includes/css/mejs-controls.html]
[demo.try-builder.com/site/03/00q/ma/0300qma7w8o3wi5p/mt-content/uploads/2015/12/mercedes-benz-mercedes-benz-cls-63-amg-automobile-1920x1080-wallpaper.html]
[demo.try-builder.com/site/03/00q/ma/0300qma7w8o3wi5p/blog/the-most-common-mistakes-when-managing-personal-finances/index.html]
[demo.try-builder.com/site/03/00q/ma/0300qma7w8o3wi5p/blog/overalls-with-logo-as-a-method-of-advertising/index.html]
[demo.try-builder.com/site/03/00q/ma/0300qma7w8o3wi5p/blog/the-main-objectives-of-the-marketer/index.html]
[demo.try-builder.com/site/03/00q/ma/0300qma7w8o3wi5p/blog/recession-is-a-good-opportunity-to-deal-a-deathblow-to-the-competitors/index.html]
